// Jest Snapshot v1, https://goo.gl/fbAQLP

exports[`NameExamination.vue renders a NameExamination view 1`] = `
<div>
  <v-container
    class="white-bg"
    fluid=""
    id="info-header-container"
  >
    <requestinfoheaderview-stub />
     
    <comments-pop-up-stub />
  </v-container>
   
  <div
    class="lower-section container-fluid"
  >
    <!---->
     
    <!---->
     
    <div
      class="namePage"
    >
      <div
        class="row"
      >
        <div
          class="col"
        >
          <compnameview-stub />
        </div>
      </div>
       
      <div
        class="row"
      >
        <recipemenu-stub />
         
        <div
          class="col"
        >
          <matchissues-stub />
        </div>
      </div>
    </div>
  </div>
</div>
`;
